[0m09:35:58.743128 [debug] [MainThread]: Sending event: {'category': 'dbt', 'action': 'invocation', 'label': 'start', 'context': [<snowplow_tracker.self_describing_json.SelfDescribingJson object at 0x000002629274FFD0>, <snowplow_tracker.self_describing_json.SelfDescribingJson object at 0x00000262924DE890>, <snowplow_tracker.self_describing_json.SelfDescribingJson object at 0x0000026293785290>]}


============================== 09:35:58.754406 | 86399eda-9bc4-41a8-a313-33c77228ebcd ==============================
[0m09:35:58.754406 [info ] [MainThread]: Running with dbt=1.11.2
[0m09:35:58.756416 [debug] [MainThread]: running dbt with arguments {'log_format': 'default', 'profiles_dir': 'C:\\Users\\Lenovo\\.dbt', 'use_colors': 'True', 'target_path': 'None', 'printer_width': '80', 'warn_error': 'None', 'indirect_selection': 'eager', 'fail_fast': 'False', 'log_path': 'logs', 'send_anonymous_usage_stats': 'True', 'static_parser': 'True', 'warn_error_options': 'WarnErrorOptionsV2(error=[], warn=[], silence=[])', 'partial_parse': 'True', 'use_experimental_parser': 'False', 'version_check': 'True', 'introspect': 'True', 'quiet': 'False', 'empty': 'None', 'log_cache_events': 'False', 'debug': 'False', 'no_print': 'None', 'invocation_command': 'dbt init', 'cache_selected_only': 'False', 'write_json': 'True'}
[0m09:36:04.313028 [debug] [MainThread]: Starter project path: C:\Users\Lenovo\AppData\Roaming\Python\Python311\site-packages\dbt\include\starter_project
[0m09:36:04.350190 [info ] [MainThread]: 
Your new dbt project "dbt_ci" was created!

For more information on how to configure the profiles.yml file,
please consult the dbt documentation here:

  https://docs.getdbt.com/docs/configure-your-profile

One more thing:

Need help? Don't hesitate to reach out to us via GitHub issues or on Slack:

  https://community.getdbt.com/

Happy modeling!

[0m09:36:04.350190 [info ] [MainThread]: Setting up your profile.
[0m09:37:22.406531 [error] [MainThread]: Encountered an error:

[0m09:37:22.427405 [error] [MainThread]: Traceback (most recent call last):
  File "C:\Users\Lenovo\AppData\Roaming\Python\Python311\site-packages\dbt\cli\requires.py", line 182, in wrapper
    result, success = func(*args, **kwargs)
                      ^^^^^^^^^^^^^^^^^^^^^
  File "C:\Users\Lenovo\AppData\Roaming\Python\Python311\site-packages\dbt\cli\requires.py", line 128, in wrapper
    return func(*args, **kwargs)
           ^^^^^^^^^^^^^^^^^^^^^
  File "C:\Users\Lenovo\AppData\Roaming\Python\Python311\site-packages\dbt\cli\main.py", line 483, in init
    results = task.run()
              ^^^^^^^^^^
  File "C:\Users\Lenovo\AppData\Roaming\Python\Python311\site-packages\dbt\task\init.py", line 346, in run
    self.setup_profile(profile_name)
  File "C:\Users\Lenovo\AppData\Roaming\Python\Python311\site-packages\dbt\task\init.py", line 262, in setup_profile
    self.create_profile_from_target(adapter, profile_name=profile_name)
  File "C:\Users\Lenovo\AppData\Roaming\Python\Python311\site-packages\dbt\task\init.py", line 179, in create_profile_from_target
    self.create_profile_from_profile_template(profile_template, profile_name)
  File "C:\Users\Lenovo\AppData\Roaming\Python\Python311\site-packages\dbt\task\init.py", line 163, in create_profile_from_profile_template
    target = self.generate_target_from_input(prompts, initial_target)
             ^^^^^^^^^^^^^^^^^^^^^^^^^^^^^^^^^^^^^^^^^^^^^^^^^^^^^^^^
  File "C:\Users\Lenovo\AppData\Roaming\Python\Python311\site-packages\dbt\task\init.py", line 129, in generate_target_from_input
    target[key] = click.prompt(
                  ^^^^^^^^^^^^^
  File "C:\Users\Lenovo\AppData\Roaming\Python\Python311\site-packages\click\termui.py", line 171, in prompt
    value = prompt_func(prompt)
            ^^^^^^^^^^^^^^^^^^^
  File "C:\Users\Lenovo\AppData\Roaming\Python\Python311\site-packages\click\termui.py", line 154, in prompt_func
    raise Abort() from None
click.exceptions.Abort

[0m09:37:22.427405 [debug] [MainThread]: Command `dbt init` failed at 09:37:22.427405 after 83.79 seconds
[0m09:37:22.427405 [debug] [MainThread]: Sending event: {'category': 'dbt', 'action': 'invocation', 'label': 'end', 'context': [<snowplow_tracker.self_describing_json.SelfDescribingJson object at 0x00000262927593D0>, <snowplow_tracker.self_describing_json.SelfDescribingJson object at 0x00000262937A7FD0>, <snowplow_tracker.self_describing_json.SelfDescribingJson object at 0x000002628A9E2190>]}
[0m09:37:22.432768 [debug] [MainThread]: Flushing usage events
[0m09:37:30.221347 [debug] [MainThread]: Sending event: {'category': 'dbt', 'action': 'invocation', 'label': 'start', 'context': [<snowplow_tracker.self_describing_json.SelfDescribingJson object at 0x0000014A92A86B50>, <snowplow_tracker.self_describing_json.SelfDescribingJson object at 0x0000014A92A869D0>, <snowplow_tracker.self_describing_json.SelfDescribingJson object at 0x0000014A92A85590>]}


============================== 09:37:30.225775 | 83300f7c-d7fb-47aa-a7e4-013b09478bc8 ==============================
[0m09:37:30.225775 [info ] [MainThread]: Running with dbt=1.11.2
[0m09:37:30.225775 [debug] [MainThread]: running dbt with arguments {'use_colors': 'True', 'no_print': 'None', 'target_path': 'None', 'printer_width': '80', 'profiles_dir': 'C:\\Users\\Lenovo\\.dbt', 'warn_error': 'None', 'log_path': 'logs', 'partial_parse': 'True', 'fail_fast': 'False', 'send_anonymous_usage_stats': 'True', 'static_parser': 'True', 'warn_error_options': 'WarnErrorOptionsV2(error=[], warn=[], silence=[])', 'indirect_selection': 'eager', 'use_experimental_parser': 'False', 'version_check': 'True', 'introspect': 'True', 'quiet': 'False', 'empty': 'None', 'log_cache_events': 'False', 'debug': 'False', 'log_format': 'default', 'invocation_command': 'dbt init', 'cache_selected_only': 'False', 'write_json': 'True'}
[0m09:37:32.938377 [info ] [MainThread]: A project called dbt_ci already exists here.
[0m09:37:32.938377 [debug] [MainThread]: Command `dbt init` succeeded at 09:37:32.938377 after 2.82 seconds
[0m09:37:32.938377 [debug] [MainThread]: Sending event: {'category': 'dbt', 'action': 'invocation', 'label': 'end', 'context': [<snowplow_tracker.self_describing_json.SelfDescribingJson object at 0x0000014A92A5D4D0>, <snowplow_tracker.self_describing_json.SelfDescribingJson object at 0x0000014A92A50ED0>, <snowplow_tracker.self_describing_json.SelfDescribingJson object at 0x0000014A8ACD1E50>]}
[0m09:37:32.938377 [debug] [MainThread]: Flushing usage events
[0m09:37:34.330344 [debug] [MainThread]: An error was encountered while trying to flush usage events
